Shilpas-MBP:DAT_SF_18 srpantul$ ls
FinalProject	README.md	labs
Intro_test.txt	homework	lectures
Shilpas-MBP:DAT_SF_18 srpantul$ cd FinalProject/
Shilpas-MBP:FinalProject srpantul$ echo "I'm working on this course by General Assembly, where I'm going to choose a topic and data source for course project. It is exciting to work on real world problems." > README.md
Shilpas-MBP:FinalProject srpantul$ git diff
Shilpas-MBP:FinalProject srpantul$ cd ..
Shilpas-MBP:DAT_SF_18 srpantul$ git diff
Shilpas-MBP:DAT_SF_18 srpantul$ git status
On branch master
Your branch is up-to-date with 'origin/master'.
Untracked files:
  (use "git add <file>..." to include in what will be committed)

	FinalProject/

nothing added to commit but untracked files present (use "git add" to track)
Shilpas-MBP:DAT_SF_18 srpantul$ git add .
Shilpas-MBP:DAT_SF_18 srpantul$ git diff
Shilpas-MBP:DAT_SF_18 srpantul$ git status
On branch master
Your branch is up-to-date with 'origin/master'.
Changes to be committed:
  (use "git reset HEAD <file>..." to unstage)

	new file:   FinalProject/README.md

Shilpas-MBP:DAT_SF_18 srpantul$ cd FinalProject/
Shilpas-MBP:FinalProject srpantul$ git diff
Shilpas-MBP:FinalProject srpantul$ cd ..
Shilpas-MBP:DAT_SF_18 srpantul$ git commit -m "Adding readme file to the project folder as part of HW1"
[master 68c485e] Adding readme file to the project folder as part of HW1
 1 file changed, 1 insertion(+)
 create mode 100644 FinalProject/README.md
Shilpas-MBP:DAT_SF_18 srpantul$ git diff
Shilpas-MBP:DAT_SF_18 srpantul$ git status
On branch master
Your branch is ahead of 'origin/master' by 1 commit.
  (use "git push" to publish your local commits)
nothing to commit, working directory clean
Shilpas-MBP:DAT_SF_18 srpantul$ git push
warning: push.default is unset; its implicit value has changed in
Git 2.0 from 'matching' to 'simple'. To squelch this message
and maintain the traditional behavior, use:

  git config --global push.default matching

To squelch this message and adopt the new behavior now, use:

  git config --global push.default simple

When push.default is set to 'matching', git will push local branches
to the remote branches that already exist with the same name.

Since Git 2.0, Git defaults to the more conservative 'simple'
behavior, which only pushes the current branch to the corresponding
remote branch that 'git pull' uses to update the current branch.

See 'git help config' and search for 'push.default' for further information.
(the 'simple' mode was introduced in Git 1.7.11. Use the similar mode
'current' instead of 'simple' if you sometimes use older versions of Git)

Counting objects: 4, done.
Delta compression using up to 4 threads.
Compressing objects: 100% (3/3), done.
Writing objects: 100% (4/4), 473 bytes | 0 bytes/s, done.
Total 4 (delta 1), reused 0 (delta 0)
To https://github.com/mocharepo/DAT_SF_18.git
   48fd0df..68c485e  master -> master
Shilpas-MBP:DAT_SF_18 srpantul$ git status
On branch master
Your branch is up-to-date with 'origin/master'.
nothing to commit, working directory clean
Shilpas-MBP:DAT_SF_18 srpantul$ mv ~/D
Desktop/   Documents/ Downloads/ Dropbox/
Shilpas-MBP:DAT_SF_18 srpantul$ mv ~/Desktop/*.png ./homework/
Shilpas-MBP:DAT_SF_18 srpantul$ cd ./homework/
Shilpas-MBP:homework srpantul$ ls
HW1_assignment.pdf	creating_test_issue.png	openning_up_issues.png
Shilpas-MBP:homework srpantul$ cd ..
Shilpas-MBP:DAT_SF_18 srpantul$ git status
On branch master
Your branch is up-to-date with 'origin/master'.
Untracked files:
  (use "git add <file>..." to include in what will be committed)

	homework/creating_test_issue.png
	homework/openning_up_issues.png

nothing added to commit but untracked files present (use "git add" to track)
Shilpas-MBP:DAT_SF_18 srpantul$ git add .
Shilpas-MBP:DAT_SF_18 srpantul$ git status
On branch master
Your branch is up-to-date with 'origin/master'.
Changes to be committed:
  (use "git reset HEAD <file>..." to unstage)

	new file:   homework/creating_test_issue.png
	new file:   homework/openning_up_issues.png

Shilpas-MBP:DAT_SF_18 srpantul$ git commit -m "adding png files for hw1"
[master 21971ab] adding png files for hw1
 2 files changed, 0 insertions(+), 0 deletions(-)
 create mode 100644 homework/creating_test_issue.png
 create mode 100644 homework/openning_up_issues.png
Shilpas-MBP:DAT_SF_18 srpantul$ git status
On branch master
Your branch is ahead of 'origin/master' by 1 commit.
  (use "git push" to publish your local commits)
nothing to commit, working directory clean
Shilpas-MBP:DAT_SF_18 srpantul$ git push
warning: push.default is unset; its implicit value has changed in
Git 2.0 from 'matching' to 'simple'. To squelch this message
and maintain the traditional behavior, use:

  git config --global push.default matching

To squelch this message and adopt the new behavior now, use:

  git config --global push.default simple

When push.default is set to 'matching', git will push local branches
to the remote branches that already exist with the same name.

Since Git 2.0, Git defaults to the more conservative 'simple'
behavior, which only pushes the current branch to the corresponding
remote branch that 'git pull' uses to update the current branch.

See 'git help config' and search for 'push.default' for further information.
(the 'simple' mode was introduced in Git 1.7.11. Use the similar mode
'current' instead of 'simple' if you sometimes use older versions of Git)

Counting objects: 5, done.
Delta compression using up to 4 threads.
Compressing objects: 100% (5/5), done.
Writing objects: 100% (5/5), 190.41 KiB | 0 bytes/s, done.
Total 5 (delta 1), reused 0 (delta 0)
To https://github.com/mocharepo/DAT_SF_18.git
   68c485e..21971ab  master -> master
Shilpas-MBP:DAT_SF_18 srpantul$ git status
On branch master
Your branch is up-to-date with 'origin/master'.
nothing to commit, working directory clean
Shilpas-MBP:DAT_SF_18 srpantul$
